[LOG] FMOD_System_Create                       : Header version = 2.03.12. Current version = 2.03.12.
[LOG] system_create                            : Header version = 2.03.12. Current version = 2.03.12.
[LOG] SystemI::setOutputInternal               : Setting output to 'FMOD WASAPI Output'
[LOG] Manager::init                            : maxchannels = 256 studioflags = 00000006 flags 00000000 extradriverdata 0000000000000000.
[LOG] SystemI::init                            : Initialize version=20312 (160365), maxchannels=256, flags=0x00020000
[LOG] OutputWASAPI::init                       : Mix Format (WAVEFORMATEX): wFormatTag=0xFFFE, nChannels=2, nSamplesPerSec=48000, nAvgBytesPerSec=384000, nBlockAlign=8, wBitsPerSample=32, cbSize=22.
[LOG] OutputWASAPI::init                       : Mix Format (WAVEFORMATEXTENSIBLE): wValidBitsPerSample=32, dwChannelMask=0x00000003, SubFormat=00000003-0000-0010-8000-00AA00389B71.
[LOG] OutputWASAPI::init                       : Output buffer size: 2048 samples, latency: 0.00ms, period: 10.00ms, DSP buffer: 512 * 4
[LOG] Thread::initThread                       : Init FMOD stream thread. Affinity: 0x4000000000000003, Priority: 0xFFFF7FFB, Stack Size: 98304, Semaphore: No, Sleep Time: 10, Looping: Yes.
[LOG] SystemI::DSPCodecPoolRegister            : register codec pool for pool type 0
[LOG] Thread::initThread                       : Init FMOD mixer thread. Affinity: 0x4000000000000001, Priority: 0xFFFF7FFA, Stack Size: 81920, Semaphore: No, Sleep Time: 0, Looping: Yes.
[LOG] AsyncManager::init                       : manager 0000024A5D63FEC8 isAsync 0 updatePeriod 0.02
[LOG] AsyncManager::init                       : done
[LOG] PlaybackSystem::init                     : 
[LOG] Thread::initThread                       : Init FMOD Studio sample load thread. Affinity: 0x4000000000000003, Priority: 0xFFFF7FFD, Stack Size: 98304, Semaphore: No, Sleep Time: 1, Looping: No.
[LOG] PlaybackSystem::init                     : done
[LOG] Thread::initThread                       : Init FMOD Studio bank load thread. Affinity: 0x4000000000000003, Priority: 0xFFFF7FFD, Stack Size: 98304, Semaphore: No, Sleep Time: 1, Looping: No.
[LOG] Manager::init                            : done.
[LOG] BankLoader::serializeBank                : fileversion = 142, compatVersion = 140 (oldest = 44, newest = 146)
[LOG] BankLoader::serializeBank                : fileversion = 142, compatVersion = 140 (oldest = 44, newest = 146)
[LOG] BankLoader::serializeBank                : fileversion = 142, compatVersion = 140 (oldest = 44, newest = 146)
[LOG] PlaybackSystem::acquireMasterBus         : Setting master channel group format to 6
[LOG] BankLoader::serializeBank                : fileversion = 142, compatVersion = 140 (oldest = 44, newest = 146)
[LOG] BankLoader::serializeBank                : fileversion = 142, compatVersion = 140 (oldest = 44, newest = 146)
[LOG] BankLoader::serializeBank                : fileversion = 142, compatVersion = 140 (oldest = 44, newest = 146)
[LOG] PlaybackSystem::acquireMasterBus         : Setting master channel group format to 6
[LOG] BankLoader::serializeBank                : fileversion = 142, compatVersion = 140 (oldest = 44, newest = 146)
[LOG] BankLoader::serializeBank                : fileversion = 146, compatVersion = 146 (oldest = 44, newest = 146)
[LOG] BankLoader::serializeBank                : fileversion = 146, compatVersion = 146 (oldest = 44, newest = 146)
[LOG] BankLoader::serializeBank                : fileversion = 146, compatVersion = 146 (oldest = 44, newest = 146)
[LOG] PlaybackSystem::acquireMasterBus         : Setting master channel group format to 6
[LOG] BankLoader::serializeBank                : fileversion = 146, compatVersion = 146 (oldest = 44, newest = 146)
[LOG] BankLoader::serializeBank                : fileversion = 146, compatVersion = 146 (oldest = 44, newest = 146)
[LOG] PlaybackSystem::acquireMasterBus         : Setting master channel group format to 6
[LOG] BankLoader::serializeBank                : fileversion = 142, compatVersion = 140 (oldest = 44, newest = 146)
[LOG] SystemI::createSound                     : filename = FMOD/Desktop/Master.bank : mode 02010082
[LOG] SystemI::createSound                     : FMOD_NONBLOCKING specified.  Putting into queue to be opened asynchronously!
[LOG] AsyncThread::getAsyncThread              : index = 0 / 5
[LOG] Thread::initThread                       : Init FMOD nonblocking thread (0). Affinity: 0x4000000000000003, Priority: 0xFFFF7FFC, Stack Size: 114688, Semaphore: Yes, Sleep Time: 0, Looping: Yes.
[LOG] AsyncThread::add                         : add sound to async queue : soundi = 0000024AAD0AE398, queue head = 0000024AAD0AECB8, queue count = 0
[LOG] AsyncThread::threadFunc                  : Starting Asynchronous operation on sound 0000024AAD0AE398
[LOG] SystemI::createSoundInternal             :     Create name='FMOD/Desktop/Master.bank', mode=0x02010082
[LOG] SystemI::createSoundInternal             :     exinfo->cbsize             = 224
[LOG] SystemI::createSoundInternal             :     exinfo->length             = 1571936
[LOG] SystemI::createSoundInternal             :     exinfo->fileoffset         = 32992
[LOG] SystemI::createSoundInternal             :     exinfo->numsubsounds       = 1
[LOG] SystemI::createSoundInternal             :     exinfo->inclusionlist      = 0000024A3647F198
[LOG] SystemI::createSoundInternal             :     exinfo->inclusionlistnum   = 1
[LOG] SystemI::createSoundInternal             :     exinfo->suggestedsoundtype = 5
[LOG] SystemI::createSoundInternal             :     exinfo->initialseekpostype = 1
[LOG] SystemI::createSoundInternal             :     Stream 0/1: name='crepitar fuego', format=5, channels=2, frequency=48000, lengthbytes=457760, lengthpcm=1480704, pcmblocksize=0, loopstart=0, loopend=0, mode=0x00000000, channelmask=0x00000000, channelorder=0, peakvolume=0.190902.
[LOG] Thread::initThread                       :     Init FMOD file thread. Affinity: 0x4000000000000003, Priority: 0xFFFF7FFC, Stack Size: 65536, Semaphore: No, Sleep Time: 10, Looping: Yes.
[LOG] AsyncThread::threadFunc                  : Finished Asynchronous operation on sound 0000024AAD0AE398
[WRN] OutputWASAPI::mixerThread                : Starvation detected in WASAPI output buffer!
[LOG] SoundI::release                          : crepitar fuego (0000024AAD0AE398)
[LOG] SoundI::release                          :     crepitar fuego (00000246A3DF9E18)
[LOG] SoundI::release                          :     crepitar fuego (0000024A9BC10F78)
[LOG] SystemI::createSound                     : filename = FMOD/Desktop/Master.bank : mode 02010082
[LOG] SystemI::createSound                     : FMOD_NONBLOCKING specified.  Putting into queue to be opened asynchronously!
[LOG] AsyncThread::getAsyncThread              : index = 0 / 5
[LOG] AsyncThread::add                         : add sound to async queue : soundi = 0000024A2FFA6DE8, queue head = 0000024AAD0AECB8, queue count = 0
[LOG] AsyncThread::threadFunc                  : Starting Asynchronous operation on sound 0000024A2FFA6DE8
[LOG] SystemI::createSoundInternal             :     Create name='FMOD/Desktop/Master.bank', mode=0x02010082
[LOG] SystemI::createSoundInternal             :     exinfo->cbsize             = 224
[LOG] SystemI::createSoundInternal             :     exinfo->length             = 1571936
[LOG] SystemI::createSoundInternal             :     exinfo->fileoffset         = 32992
[LOG] SystemI::createSoundInternal             :     exinfo->numsubsounds       = 1
[LOG] SystemI::createSoundInternal             :     exinfo->inclusionlist      = 0000024A02BC19D8
[LOG] SystemI::createSoundInternal             :     exinfo->inclusionlistnum   = 1
[LOG] SystemI::createSoundInternal             :     exinfo->suggestedsoundtype = 5
[LOG] SystemI::createSoundInternal             :     exinfo->initialseekpostype = 1
[LOG] SystemI::createSoundInternal             :     Stream 0/1: name='crepitar fuego', format=5, channels=2, frequency=48000, lengthbytes=457760, lengthpcm=1480704, pcmblocksize=0, loopstart=0, loopend=0, mode=0x00000000, channelmask=0x00000000, channelorder=0, peakvolume=0.190902.
[LOG] AsyncThread::threadFunc                  : Finished Asynchronous operation on sound 0000024A2FFA6DE8
[LOG] SoundI::release                          : crepitar fuego (0000024A2FFA6DE8)
[LOG] SoundI::release                          :     crepitar fuego (0000024A01A2C968)
[LOG] SoundI::release                          :     crepitar fuego (0000024A5D803318)
[LOG] SystemI::createSound                     : filename = FMOD/Desktop/Master.bank : mode 02010082
[LOG] SystemI::createSound                     : FMOD_NONBLOCKING specified.  Putting into queue to be opened asynchronously!
[LOG] AsyncThread::getAsyncThread              : index = 0 / 5
[LOG] AsyncThread::add                         : add sound to async queue : soundi = 0000024A2FFA6AC8, queue head = 0000024AAD0AECB8, queue count = 0
[LOG] AsyncThread::threadFunc                  : Starting Asynchronous operation on sound 0000024A2FFA6AC8
[LOG] SystemI::createSoundInternal             :     Create name='FMOD/Desktop/Master.bank', mode=0x02010082
[LOG] SystemI::createSoundInternal             :     exinfo->cbsize             = 224
[LOG] SystemI::createSoundInternal             :     exinfo->length             = 1571936
[LOG] SystemI::createSoundInternal             :     exinfo->fileoffset         = 32992
[LOG] SystemI::createSoundInternal             :     exinfo->numsubsounds       = 1
[LOG] SystemI::createSoundInternal             :     exinfo->inclusionlist      = 0000024A5DDDFBA8
[LOG] SystemI::createSoundInternal             :     exinfo->inclusionlistnum   = 1
[LOG] SystemI::createSoundInternal             :     exinfo->suggestedsoundtype = 5
[LOG] SystemI::createSoundInternal             :     exinfo->initialseekpostype = 1
[LOG] SystemI::createSoundInternal             :     Stream 0/1: name='crepitar fuego', format=5, channels=2, frequency=48000, lengthbytes=457760, lengthpcm=1480704, pcmblocksize=0, loopstart=0, loopend=0, mode=0x00000000, channelmask=0x00000000, channelorder=0, peakvolume=0.190902.
[LOG] AsyncThread::threadFunc                  : Finished Asynchronous operation on sound 0000024A2FFA6AC8
[LOG] SoundI::release                          : crepitar fuego (0000024A2FFA6AC8)
[LOG] SoundI::release                          :     crepitar fuego (0000024A01A2C7E8)
[LOG] SoundI::release                          :     crepitar fuego (0000024A5D802378)
[LOG] SystemI::createSoundInternal             : Create name='', mode=0x02000202
[LOG] SystemI::createSoundInternal             : exinfo->cbsize             = 224
[LOG] SystemI::createSoundInternal             : exinfo->length             = 1571936
[LOG] SystemI::createSoundInternal             : exinfo->fileoffset         = 32992
[LOG] SystemI::createSoundInternal             : exinfo->numsubsounds       = 1
[LOG] SystemI::createSoundInternal             : exinfo->inclusionlist      = 0000004E3BCFF2D8
[LOG] SystemI::createSoundInternal             : exinfo->inclusionlistnum   = 1
[LOG] SystemI::createSoundInternal             : exinfo->suggestedsoundtype = 5
[LOG] SystemI::createSoundInternal             : exinfo->useropen           = 00007FFDD180DA60
[LOG] SystemI::createSoundInternal             : exinfo->userclose          = 00007FFDD180DA20
[LOG] SystemI::createSoundInternal             : exinfo->userread           = 00007FFDD180DB40
[LOG] SystemI::createSoundInternal             : exinfo->userseek           = 00007FFDD180DC00
[LOG] SystemI::createSoundInternal             : exinfo->fileuserdata       = 00000246A1261D08
[LOG] SystemI::createSoundInternal             : exinfo->initialseekpostype = 1
[LOG] SystemI::DSPCodecPoolRegister            : register codec pool for pool type 4
[LOG] SystemI::createSoundInternal             : Sample 0/1: name='quemar part_1', format=5, channels=2, frequency=48000, lengthbytes=35840, lengthpcm=156672, pcmblocksize=0, loopstart=0, loopend=0, mode=0x00000000, channelmask=0x00000000, channelorder=0, peakvolume=0.070622.
[LOG] SystemI::createSoundInternal             : Create name='', mode=0x02000202
[LOG] SystemI::createSoundInternal             : exinfo->cbsize             = 224
[LOG] SystemI::createSoundInternal             : exinfo->length             = 1571936
[LOG] SystemI::createSoundInternal             : exinfo->fileoffset         = 32992
[LOG] SystemI::createSoundInternal             : exinfo->numsubsounds       = 1
[LOG] SystemI::createSoundInternal             : exinfo->inclusionlist      = 0000004E3BCFF2D8
[LOG] SystemI::createSoundInternal             : exinfo->inclusionlistnum   = 1
[LOG] SystemI::createSoundInternal             : exinfo->suggestedsoundtype = 5
[LOG] SystemI::createSoundInternal             : exinfo->useropen           = 00007FFDD180DA60
[LOG] SystemI::createSoundInternal             : exinfo->userclose          = 00007FFDD180DA20
[LOG] SystemI::createSoundInternal             : exinfo->userread           = 00007FFDD180DB40
[LOG] SystemI::createSoundInternal             : exinfo->userseek           = 00007FFDD180DC00
[LOG] SystemI::createSoundInternal             : exinfo->fileuserdata       = 00000246A1261D08
[LOG] SystemI::createSoundInternal             : exinfo->initialseekpostype = 1
[LOG] SystemI::DSPCodecPoolRegister            : register codec pool for pool type 4
[LOG] SystemI::createSoundInternal             : Sample 0/1: name='quemar part_2', format=5, channels=2, frequency=48000, lengthbytes=26496, lengthpcm=116736, pcmblocksize=0, loopstart=0, loopend=0, mode=0x00000000, channelmask=0x00000000, channelorder=0, peakvolume=0.070551.
[LOG] SystemI::createSoundInternal             : Create name='', mode=0x02000202
[LOG] SystemI::createSoundInternal             : exinfo->cbsize             = 224
[LOG] SystemI::createSoundInternal             : exinfo->length             = 1571936
[LOG] SystemI::createSoundInternal             : exinfo->fileoffset         = 32992
[LOG] SystemI::createSoundInternal             : exinfo->numsubsounds       = 1
[LOG] SystemI::createSoundInternal             : exinfo->inclusionlist      = 0000004E3BCFF2D8
[LOG] SystemI::createSoundInternal             : exinfo->inclusionlistnum   = 1
[LOG] SystemI::createSoundInternal             : exinfo->suggestedsoundtype = 5
[LOG] SystemI::createSoundInternal             : exinfo->useropen           = 00007FFDD180DA60
[LOG] SystemI::createSoundInternal             : exinfo->userclose          = 00007FFDD180DA20
[LOG] SystemI::createSoundInternal             : exinfo->userread           = 00007FFDD180DB40
[LOG] SystemI::createSoundInternal             : exinfo->userseek           = 00007FFDD180DC00
[LOG] SystemI::createSoundInternal             : exinfo->fileuserdata       = 00000246A1261D08
[LOG] SystemI::createSoundInternal             : exinfo->initialseekpostype = 1
[LOG] SystemI::DSPCodecPoolRegister            : register codec pool for pool type 4
[LOG] SystemI::createSoundInternal             : Sample 0/1: name='quemar part_3', format=5, channels=2, frequency=48000, lengthbytes=19712, lengthpcm=77824, pcmblocksize=0, loopstart=0, loopend=0, mode=0x00000000, channelmask=0x00000000, channelorder=0, peakvolume=0.074439.
[LOG] SystemI::createSoundInternal             : Create name='', mode=0x02000202
[LOG] SystemI::createSoundInternal             : exinfo->cbsize             = 224
[LOG] SystemI::createSoundInternal             : exinfo->length             = 1571936
[LOG] SystemI::createSoundInternal             : exinfo->fileoffset         = 32992
[LOG] SystemI::createSoundInternal             : exinfo->numsubsounds       = 1
[LOG] SystemI::createSoundInternal             : exinfo->inclusionlist      = 0000004E3BCFF2D8
[LOG] SystemI::createSoundInternal             : exinfo->inclusionlistnum   = 1
[LOG] SystemI::createSoundInternal             : exinfo->suggestedsoundtype = 5
[LOG] SystemI::createSoundInternal             : exinfo->useropen           = 00007FFDD180DA60
[LOG] SystemI::createSoundInternal             : exinfo->userclose          = 00007FFDD180DA20
[LOG] SystemI::createSoundInternal             : exinfo->userread           = 00007FFDD180DB40
[LOG] SystemI::createSoundInternal             : exinfo->userseek           = 00007FFDD180DC00
[LOG] SystemI::createSoundInternal             : exinfo->fileuserdata       = 00000246A1261D08
[LOG] SystemI::createSoundInternal             : exinfo->initialseekpostype = 1
[LOG] SystemI::DSPCodecPoolRegister            : register codec pool for pool type 4
[LOG] SystemI::createSoundInternal             : Sample 0/1: name='quemar part_4', format=5, channels=2, frequency=48000, lengthbytes=21024, lengthpcm=83456, pcmblocksize=0, loopstart=0, loopend=0, mode=0x00000000, channelmask=0x00000000, channelorder=0, peakvolume=0.069225.
[LOG] SystemI::createSoundInternal             : Create name='', mode=0x02000202
[LOG] SystemI::createSoundInternal             : exinfo->cbsize             = 224
[LOG] SystemI::createSoundInternal             : exinfo->length             = 1571936
[LOG] SystemI::createSoundInternal             : exinfo->fileoffset         = 32992
[LOG] SystemI::createSoundInternal             : exinfo->numsubsounds       = 1
[LOG] SystemI::createSoundInternal             : exinfo->inclusionlist      = 0000004E3BCFF2D8
[LOG] SystemI::createSoundInternal             : exinfo->inclusionlistnum   = 1
[LOG] SystemI::createSoundInternal             : exinfo->suggestedsoundtype = 5
[LOG] SystemI::createSoundInternal             : exinfo->useropen           = 00007FFDD180DA60
[LOG] SystemI::createSoundInternal             : exinfo->userclose          = 00007FFDD180DA20
[LOG] SystemI::createSoundInternal             : exinfo->userread           = 00007FFDD180DB40
[LOG] SystemI::createSoundInternal             : exinfo->userseek           = 00007FFDD180DC00
[LOG] SystemI::createSoundInternal             : exinfo->fileuserdata       = 0000024A5E0855A8
[LOG] SystemI::createSoundInternal             : exinfo->initialseekpostype = 1
[LOG] SystemI::DSPCodecPoolRegister            : register codec pool for pool type 4
[LOG] SystemI::createSoundInternal             : Sample 0/1: name='abrir reja', format=5, channels=2, frequency=48000, lengthbytes=39072, lengthpcm=155648, pcmblocksize=0, loopstart=0, loopend=0, mode=0x00000000, channelmask=0x00000000, channelorder=0, peakvolume=0.684675.
[WRN] ObjectLookup::get                        : Lookup failed for BusModel: {62d8c6eb-8c96-48c7-a2d0-71ebfb7dd3f4}
[ERR] BusInstanceFactory::create               : Bus not found, this could indicate the requested asset depends on a bus inside a bank which is not currently loaded.
[ERR] create                                   : assertion: 'busModel' failed
[WRN] ObjectLookup::get                        : Lookup failed for BusModel: {62d8c6eb-8c96-48c7-a2d0-71ebfb7dd3f4}
[ERR] BusInstanceFactory::create               : Bus not found, this could indicate the requested asset depends on a bus inside a bank which is not currently loaded.
[ERR] create                                   : assertion: 'busModel' failed
[LOG] SystemI::createSound                     : filename = FMOD/Desktop/Master.bank : mode 02010082
[LOG] SystemI::createSound                     : FMOD_NONBLOCKING specified.  Putting into queue to be opened asynchronously!
[LOG] AsyncThread::getAsyncThread              : index = 0 / 5
[LOG] AsyncThread::add                         : add sound to async queue : soundi = 0000024A745ACCB8, queue head = 0000024AAD0AECB8, queue count = 0
[LOG] AsyncThread::threadFunc                  : Starting Asynchronous operation on sound 0000024A745ACCB8
[LOG] SystemI::createSoundInternal             :     Create name='FMOD/Desktop/Master.bank', mode=0x02010082
[LOG] SystemI::createSoundInternal             :     exinfo->cbsize             = 224
[LOG] SystemI::createSoundInternal             :     exinfo->length             = 1571936
[LOG] SystemI::createSoundInternal             :     exinfo->fileoffset         = 32992
[LOG] SystemI::createSoundInternal             :     exinfo->numsubsounds       = 1
[LOG] SystemI::createSoundInternal             :     exinfo->inclusionlist      = 000002490167C328
[LOG] SystemI::createSoundInternal             :     exinfo->inclusionlistnum   = 1
[LOG] SystemI::createSoundInternal             :     exinfo->suggestedsoundtype = 5
[LOG] SystemI::createSoundInternal             :     exinfo->initialseekpostype = 1
[LOG] SystemI::createSoundInternal             :     Stream 0/1: name='crepitar fuego', format=5, channels=2, frequency=48000, lengthbytes=457760, lengthpcm=1480704, pcmblocksize=0, loopstart=0, loopend=0, mode=0x00000000, channelmask=0x00000000, channelorder=0, peakvolume=0.190902.
[LOG] AsyncThread::threadFunc                  : Finished Asynchronous operation on sound 0000024A745ACCB8
[LOG] AsyncThread::add                         : add sound to async queue : soundi = 0000024A2FAED0A8, queue head = 0000024AAD0AECB8, queue count = 0
[LOG] AsyncThread::threadFunc                  : Starting Asynchronous operation on sound 0000024A2FAED0A8
[LOG] AsyncThread::threadFunc                  : Finished Asynchronous operation on sound 0000024A2FAED0A8
[LOG] SystemI::createSound                     : filename = FMOD/Desktop/Master.bank : mode 02010082
[LOG] SystemI::createSound                     : FMOD_NONBLOCKING specified.  Putting into queue to be opened asynchronously!
[LOG] AsyncThread::getAsyncThread              : index = 0 / 5
[LOG] AsyncThread::add                         : add sound to async queue : soundi = 0000024AAD0AEE88, queue head = 0000024AAD0AECB8, queue count = 0
[LOG] AsyncThread::threadFunc                  : Starting Asynchronous operation on sound 0000024AAD0AEE88
[LOG] SystemI::createSoundInternal             :     Create name='FMOD/Desktop/Master.bank', mode=0x02010082
[LOG] SystemI::createSoundInternal             :     exinfo->cbsize             = 224
[LOG] SystemI::createSoundInternal             :     exinfo->length             = 1571936
[LOG] SystemI::createSoundInternal             :     exinfo->fileoffset         = 32992
[LOG] SystemI::createSoundInternal             :     exinfo->numsubsounds       = 1
[LOG] SystemI::createSoundInternal             :     exinfo->inclusionlist      = 000002490167E2C8
[LOG] SystemI::createSoundInternal             :     exinfo->inclusionlistnum   = 1
[LOG] SystemI::createSoundInternal             :     exinfo->suggestedsoundtype = 5
[LOG] SystemI::createSoundInternal             :     exinfo->initialseekpostype = 1
[LOG] SystemI::createSoundInternal             :     Stream 0/1: name='crepitar fuego', format=5, channels=2, frequency=48000, lengthbytes=457760, lengthpcm=1480704, pcmblocksize=0, loopstart=0, loopend=0, mode=0x00000000, channelmask=0x00000000, channelorder=0, peakvolume=0.190902.
[LOG] AsyncThread::threadFunc                  : Finished Asynchronous operation on sound 0000024AAD0AEE88
[LOG] SoundI::release                          : crepitar fuego (0000024A745ACCB8)
[LOG] SoundI::release                          :     crepitar fuego (00000249010EE0C8)
[LOG] SoundI::release                          :     crepitar fuego (0000024A2FAED0A8)
[LOG] SystemI::createSound                     : filename = FMOD/Desktop/Master.bank : mode 02010082
[LOG] SystemI::createSound                     : FMOD_NONBLOCKING specified.  Putting into queue to be opened asynchronously!
[LOG] AsyncThread::getAsyncThread              : index = 0 / 5
[LOG] AsyncThread::add                         : add sound to async queue : soundi = 0000024A9BBC9CC8, queue head = 0000024AAD0AECB8, queue count = 0
[LOG] AsyncThread::threadFunc                  : Starting Asynchronous operation on sound 0000024A9BBC9CC8
[LOG] SystemI::createSoundInternal             :     Create name='FMOD/Desktop/Master.bank', mode=0x02010082
[LOG] SystemI::createSoundInternal             :     exinfo->cbsize             = 224
[LOG] SystemI::createSoundInternal             :     exinfo->length             = 1571936
[LOG] SystemI::createSoundInternal             :     exinfo->fileoffset         = 32992
[LOG] SystemI::createSoundInternal             :     exinfo->numsubsounds       = 1
[LOG] SystemI::createSoundInternal             :     exinfo->inclusionlist      = 00000249EF478118
[LOG] SystemI::createSoundInternal             :     exinfo->inclusionlistnum   = 1
[LOG] SystemI::createSoundInternal             :     exinfo->suggestedsoundtype = 5
[LOG] SystemI::createSoundInternal             :     exinfo->initialseekpostype = 1
[LOG] SystemI::createSoundInternal             :     Stream 0/1: name='crepitar fuego', format=5, channels=2, frequency=48000, lengthbytes=457760, lengthpcm=1480704, pcmblocksize=0, loopstart=0, loopend=0, mode=0x00000000, channelmask=0x00000000, channelorder=0, peakvolume=0.190902.
[LOG] AsyncThread::threadFunc                  : Finished Asynchronous operation on sound 0000024A9BBC9CC8
[LOG] AsyncThread::add                         : add sound to async queue : soundi = 0000024A2FAEE818, queue head = 0000024AAD0AECB8, queue count = 0
[LOG] AsyncThread::threadFunc                  : Starting Asynchronous operation on sound 0000024A2FAEE818
[LOG] SoundI::release                          :     crepitar fuego (0000024AAD0AEE88)
[LOG] SoundI::release                          :         crepitar fuego (0000024AA1126A08)
[LOG] SoundI::release                          :         crepitar fuego (0000024AA16E66B8)
[LOG] AsyncThread::threadFunc                  : Finished Asynchronous operation on sound 0000024A2FAEE818
[LOG] SystemI::createSound                     : filename = FMOD/Desktop/Master.bank : mode 02010082
[LOG] SystemI::createSound                     : FMOD_NONBLOCKING specified.  Putting into queue to be opened asynchronously!
[LOG] AsyncThread::getAsyncThread              : index = 0 / 5
[LOG] AsyncThread::add                         : add sound to async queue : soundi = 0000024A9BBC9FE8, queue head = 0000024AAD0AECB8, queue count = 0
[LOG] AsyncThread::threadFunc                  : Starting Asynchronous operation on sound 0000024A9BBC9FE8
[LOG] SystemI::createSoundInternal             :     Create name='FMOD/Desktop/Master.bank', mode=0x02010082
[LOG] SystemI::createSoundInternal             :     exinfo->cbsize             = 224
[LOG] SystemI::createSoundInternal             :     exinfo->length             = 1571936
[LOG] SystemI::createSoundInternal             :     exinfo->fileoffset         = 32992
[LOG] SystemI::createSoundInternal             :     exinfo->numsubsounds       = 1
[LOG] SystemI::createSoundInternal             :     exinfo->inclusionlist      = 00000249EF476598
[LOG] SystemI::createSoundInternal             :     exinfo->inclusionlistnum   = 1
[LOG] SystemI::createSoundInternal             :     exinfo->suggestedsoundtype = 5
[LOG] SystemI::createSoundInternal             :     exinfo->initialseekpostype = 1
[LOG] SystemI::createSoundInternal             :     Stream 0/1: name='crepitar fuego', format=5, channels=2, frequency=48000, lengthbytes=457760, lengthpcm=1480704, pcmblocksize=0, loopstart=0, loopend=0, mode=0x00000000, channelmask=0x00000000, channelorder=0, peakvolume=0.190902.
[LOG] AsyncThread::threadFunc                  : Finished Asynchronous operation on sound 0000024A9BBC9FE8
[LOG] AsyncThread::add                         : add sound to async queue : soundi = 00000246A55B8FF8, queue head = 0000024AAD0AECB8, queue count = 0
[LOG] AsyncThread::threadFunc                  : Starting Asynchronous operation on sound 00000246A55B8FF8
[LOG] SoundI::release                          :     crepitar fuego (0000024A9BBC9CC8)
[LOG] SoundI::release                          :         crepitar fuego (00000249010EE548)
[LOG] SoundI::release                          :         crepitar fuego (0000024A2FAEE818)
[LOG] AsyncThread::threadFunc                  : Finished Asynchronous operation on sound 00000246A55B8FF8
[LOG] SystemI::createSound                     : filename = FMOD/Desktop/Master.bank : mode 02010082
[LOG] SystemI::createSound                     : FMOD_NONBLOCKING specified.  Putting into queue to be opened asynchronously!
[LOG] AsyncThread::getAsyncThread              : index = 0 / 5
[LOG] AsyncThread::add                         : add sound to async queue : soundi = 0000024A5E2DC228, queue head = 0000024AAD0AECB8, queue count = 0
[LOG] AsyncThread::threadFunc                  : Starting Asynchronous operation on sound 0000024A5E2DC228
[LOG] SystemI::createSoundInternal             :     Create name='FMOD/Desktop/Master.bank', mode=0x02010082
[LOG] SystemI::createSoundInternal             :     exinfo->cbsize             = 224
[LOG] SystemI::createSoundInternal             :     exinfo->length             = 1571936
[LOG] SystemI::createSoundInternal             :     exinfo->fileoffset         = 32992
[LOG] SystemI::createSoundInternal             :     exinfo->numsubsounds       = 1
[LOG] SystemI::createSoundInternal             :     exinfo->inclusionlist      = 00000249EF478118
[LOG] SystemI::createSoundInternal             :     exinfo->inclusionlistnum   = 1
[LOG] SystemI::createSoundInternal             :     exinfo->suggestedsoundtype = 5
[LOG] SystemI::createSoundInternal             :     exinfo->initialseekpostype = 1
[LOG] SystemI::createSoundInternal             :     Stream 0/1: name='crepitar fuego', format=5, channels=2, frequency=48000, lengthbytes=457760, lengthpcm=1480704, pcmblocksize=0, loopstart=0, loopend=0, mode=0x00000000, channelmask=0x00000000, channelorder=0, peakvolume=0.190902.
[LOG] AsyncThread::threadFunc                  : Finished Asynchronous operation on sound 0000024A5E2DC228
[LOG] SoundI::release                          : crepitar fuego (0000024A9BBC9FE8)
[LOG] SoundI::release                          :     crepitar fuego (0000024AA1126708)
[LOG] SoundI::release                          :     crepitar fuego (00000246A55B8FF8)
[LOG] SoundI::release                          : crepitar fuego (0000024A5E2DC228)
[LOG] SoundI::release                          :     crepitar fuego (00000249010EE0C8)
[LOG] SoundI::release                          :     crepitar fuego (0000024A2FAED558)
[LOG] SystemI::createSound                     : filename = FMOD/Desktop/Master.bank : mode 02010082
[LOG] SystemI::createSound                     : FMOD_NONBLOCKING specified.  Putting into queue to be opened asynchronously!
[LOG] AsyncThread::getAsyncThread              : index = 0 / 5
[LOG] AsyncThread::add                         : add sound to async queue : soundi = 0000024A9F95D658, queue head = 0000024AAD0AECB8, queue count = 0
[LOG] AsyncThread::threadFunc                  : Starting Asynchronous operation on sound 0000024A9F95D658
[LOG] SystemI::createSoundInternal             :     Create name='FMOD/Desktop/Master.bank', mode=0x02010082
[LOG] SystemI::createSoundInternal             :     exinfo->cbsize             = 224
[LOG] SystemI::createSoundInternal             :     exinfo->length             = 1571936
[LOG] SystemI::createSoundInternal             :     exinfo->fileoffset         = 32992
[LOG] SystemI::createSoundInternal             :     exinfo->numsubsounds       = 1
[LOG] SystemI::createSoundInternal             :     exinfo->inclusionlist      = 0000024A9BAA6B88
[LOG] SystemI::createSoundInternal             :     exinfo->inclusionlistnum   = 1
[LOG] SystemI::createSoundInternal             :     exinfo->suggestedsoundtype = 5
[LOG] SystemI::createSoundInternal             :     exinfo->initialseekpostype = 1
[LOG] SystemI::createSoundInternal             :     Stream 0/1: name='crepitar fuego', format=5, channels=2, frequency=48000, lengthbytes=457760, lengthpcm=1480704, pcmblocksize=0, loopstart=0, loopend=0, mode=0x00000000, channelmask=0x00000000, channelorder=0, peakvolume=0.190902.
[LOG] AsyncThread::threadFunc                  : Finished Asynchronous operation on sound 0000024A9F95D658
[LOG] SoundI::release                          : crepitar fuego (0000024A9F95D658)
[LOG] SoundI::release                          :     crepitar fuego (00000246A3DF9E18)
[LOG] SoundI::release                          :     crepitar fuego (00000246B0B8F028)
[LOG] SystemI::createSoundInternal             : Create name='', mode=0x02000202
[LOG] SystemI::createSoundInternal             : exinfo->cbsize             = 224
[LOG] SystemI::createSoundInternal             : exinfo->length             = 1571936
[LOG] SystemI::createSoundInternal             : exinfo->fileoffset         = 32992
[LOG] SystemI::createSoundInternal             : exinfo->numsubsounds       = 1
[LOG] SystemI::createSoundInternal             : exinfo->inclusionlist      = 0000004E3BCFF2D8
[LOG] SystemI::createSoundInternal             : exinfo->inclusionlistnum   = 1
[LOG] SystemI::createSoundInternal             : exinfo->suggestedsoundtype = 5
[LOG] SystemI::createSoundInternal             : exinfo->useropen           = 00007FFDD180DA60
[LOG] SystemI::createSoundInternal             : exinfo->userclose          = 00007FFDD180DA20
[LOG] SystemI::createSoundInternal             : exinfo->userread           = 00007FFDD180DB40
[LOG] SystemI::createSoundInternal             : exinfo->userseek           = 00007FFDD180DC00
[LOG] SystemI::createSoundInternal             : exinfo->fileuserdata       = 0000024A74DD1A88
[LOG] SystemI::createSoundInternal             : exinfo->initialseekpostype = 1
[LOG] SystemI::DSPCodecPoolRegister            : register codec pool for pool type 4
[LOG] SystemI::createSoundInternal             : Sample 0/1: name='pasos g_6', format=5, channels=2, frequency=48000, lengthbytes=8832, lengthpcm=32768, pcmblocksize=0, loopstart=0, loopend=0, mode=0x00000000, channelmask=0x00000000, channelorder=0, peakvolume=0.077202.
[LOG] SystemI::createSoundInternal             : Create name='', mode=0x02000202
[LOG] SystemI::createSoundInternal             : exinfo->cbsize             = 224
[LOG] SystemI::createSoundInternal             : exinfo->length             = 1571936
[LOG] SystemI::createSoundInternal             : exinfo->fileoffset         = 32992
[LOG] SystemI::createSoundInternal             : exinfo->numsubsounds       = 1
[LOG] SystemI::createSoundInternal             : exinfo->inclusionlist      = 0000004E3BCFF2D8
[LOG] SystemI::createSoundInternal             : exinfo->inclusionlistnum   = 1
[LOG] SystemI::createSoundInternal             : exinfo->suggestedsoundtype = 5
[LOG] SystemI::createSoundInternal             : exinfo->useropen           = 00007FFDD180DA60
[LOG] SystemI::createSoundInternal             : exinfo->userclose          = 00007FFDD180DA20
[LOG] SystemI::createSoundInternal             : exinfo->userread           = 00007FFDD180DB40
[LOG] SystemI::createSoundInternal             : exinfo->userseek           = 00007FFDD180DC00
[LOG] SystemI::createSoundInternal             : exinfo->fileuserdata       = 0000024A74DD1A88
[LOG] SystemI::createSoundInternal             : exinfo->initialseekpostype = 1
[LOG] SystemI::DSPCodecPoolRegister            : register codec pool for pool type 4
[LOG] SystemI::createSoundInternal             : Sample 0/1: name='pasos g_8', format=5, channels=2, frequency=48000, lengthbytes=7936, lengthpcm=30720, pcmblocksize=0, loopstart=0, loopend=0, mode=0x00000000, channelmask=0x00000000, channelorder=0, peakvolume=0.076510.
[LOG] SystemI::createSoundInternal             : Create name='', mode=0x02000202
[LOG] SystemI::createSoundInternal             : exinfo->cbsize             = 224
[LOG] SystemI::createSoundInternal             : exinfo->length             = 1571936
[LOG] SystemI::createSoundInternal             : exinfo->fileoffset         = 32992
[LOG] SystemI::createSoundInternal             : exinfo->numsubsounds       = 1
[LOG] SystemI::createSoundInternal             : exinfo->inclusionlist      = 0000004E3BCFF2D8
[LOG] SystemI::createSoundInternal             : exinfo->inclusionlistnum   = 1
[LOG] SystemI::createSoundInternal             : exinfo->suggestedsoundtype = 5
[LOG] SystemI::createSoundInternal             : exinfo->useropen           = 00007FFDD180DA60
[LOG] SystemI::createSoundInternal             : exinfo->userclose          = 00007FFDD180DA20
[LOG] SystemI::createSoundInternal             : exinfo->userread           = 00007FFDD180DB40
[LOG] SystemI::createSoundInternal             : exinfo->userseek           = 00007FFDD180DC00
[LOG] SystemI::createSoundInternal             : exinfo->fileuserdata       = 0000024A74DD1A88
[LOG] SystemI::createSoundInternal             : exinfo->initialseekpostype = 1
[LOG] SystemI::DSPCodecPoolRegister            : register codec pool for pool type 4
[LOG] SystemI::createSoundInternal             : Sample 0/1: name='pasos g_11', format=5, channels=2, frequency=48000, lengthbytes=9856, lengthpcm=39936, pcmblocksize=0, loopstart=0, loopend=0, mode=0x00000000, channelmask=0x00000000, channelorder=0, peakvolume=0.132725.
[LOG] SystemI::createSoundInternal             : Create name='', mode=0x02000202
[LOG] SystemI::createSoundInternal             : exinfo->cbsize             = 224
[LOG] SystemI::createSoundInternal             : exinfo->length             = 1571936
[LOG] SystemI::createSoundInternal             : exinfo->fileoffset         = 32992
[LOG] SystemI::createSoundInternal             : exinfo->numsubsounds       = 1
[LOG] SystemI::createSoundInternal             : exinfo->inclusionlist      = 0000004E3BCFF2D8
[LOG] SystemI::createSoundInternal             : exinfo->inclusionlistnum   = 1
[LOG] SystemI::createSoundInternal             : exinfo->suggestedsoundtype = 5
[LOG] SystemI::createSoundInternal             : exinfo->useropen           = 00007FFDD180DA60
[LOG] SystemI::createSoundInternal             : exinfo->userclose          = 00007FFDD180DA20
[LOG] SystemI::createSoundInternal             : exinfo->userread           = 00007FFDD180DB40
[LOG] SystemI::createSoundInternal             : exinfo->userseek           = 00007FFDD180DC00
[LOG] SystemI::createSoundInternal             : exinfo->fileuserdata       = 0000024A74DD1A88
[LOG] SystemI::createSoundInternal             : exinfo->initialseekpostype = 1
[LOG] SystemI::DSPCodecPoolRegister            : register codec pool for pool type 4
[LOG] SystemI::createSoundInternal             : Sample 0/1: name='pasos g_4', format=5, channels=2, frequency=48000, lengthbytes=8448, lengthpcm=34816, pcmblocksize=0, loopstart=0, loopend=0, mode=0x00000000, channelmask=0x00000000, channelorder=0, peakvolume=0.037174.
[LOG] SystemI::createSoundInternal             : Create name='', mode=0x02000202
[LOG] SystemI::createSoundInternal             : exinfo->cbsize             = 224
[LOG] SystemI::createSoundInternal             : exinfo->length             = 1571936
[LOG] SystemI::createSoundInternal             : exinfo->fileoffset         = 32992
[LOG] SystemI::createSoundInternal             : exinfo->numsubsounds       = 1
[LOG] SystemI::createSoundInternal             : exinfo->inclusionlist      = 0000004E3BCFF2D8
[LOG] SystemI::createSoundInternal             : exinfo->inclusionlistnum   = 1
[LOG] SystemI::createSoundInternal             : exinfo->suggestedsoundtype = 5
[LOG] SystemI::createSoundInternal             : exinfo->useropen           = 00007FFDD180DA60
[LOG] SystemI::createSoundInternal             : exinfo->userclose          = 00007FFDD180DA20
[LOG] SystemI::createSoundInternal             : exinfo->userread           = 00007FFDD180DB40
[LOG] SystemI::createSoundInternal             : exinfo->userseek           = 00007FFDD180DC00
[LOG] SystemI::createSoundInternal             : exinfo->fileuserdata       = 0000024A74DD1A88
[LOG] SystemI::createSoundInternal             : exinfo->initialseekpostype = 1
[LOG] SystemI::DSPCodecPoolRegister            : register codec pool for pool type 4
[LOG] SystemI::createSoundInternal             : Sample 0/1: name='pasos g_5', format=5, channels=2, frequency=48000, lengthbytes=9920, lengthpcm=38912, pcmblocksize=0, loopstart=0, loopend=0, mode=0x00000000, channelmask=0x00000000, channelorder=0, peakvolume=0.103277.
[LOG] SystemI::createSoundInternal             : Create name='', mode=0x02000202
[LOG] SystemI::createSoundInternal             : exinfo->cbsize             = 224
[LOG] SystemI::createSoundInternal             : exinfo->length             = 1571936
[LOG] SystemI::createSoundInternal             : exinfo->fileoffset         = 32992
[LOG] SystemI::createSoundInternal             : exinfo->numsubsounds       = 1
[LOG] SystemI::createSoundInternal             : exinfo->inclusionlist      = 0000004E3BCFF2D8
[LOG] SystemI::createSoundInternal             : exinfo->inclusionlistnum   = 1
[LOG] SystemI::createSoundInternal             : exinfo->suggestedsoundtype = 5
[LOG] SystemI::createSoundInternal             : exinfo->useropen           = 00007FFDD180DA60
[LOG] SystemI::createSoundInternal             : exinfo->userclose          = 00007FFDD180DA20
[LOG] SystemI::createSoundInternal             : exinfo->userread           = 00007FFDD180DB40
[LOG] SystemI::createSoundInternal             : exinfo->userseek           = 00007FFDD180DC00
[LOG] SystemI::createSoundInternal             : exinfo->fileuserdata       = 0000024A74DD1A88
[LOG] SystemI::createSoundInternal             : exinfo->initialseekpostype = 1
[LOG] SystemI::DSPCodecPoolRegister            : register codec pool for pool type 4
[LOG] SystemI::createSoundInternal             : Sample 0/1: name='pasos g_2', format=5, channels=2, frequency=48000, lengthbytes=9120, lengthpcm=36864, pcmblocksize=0, loopstart=0, loopend=0, mode=0x00000000, channelmask=0x00000000, channelorder=0, peakvolume=0.103932.
[LOG] SystemI::createSoundInternal             : Create name='', mode=0x02000202
[LOG] SystemI::createSoundInternal             : exinfo->cbsize             = 224
[LOG] SystemI::createSoundInternal             : exinfo->length             = 1571936
[LOG] SystemI::createSoundInternal             : exinfo->fileoffset         = 32992
[LOG] SystemI::createSoundInternal             : exinfo->numsubsounds       = 1
[LOG] SystemI::createSoundInternal             : exinfo->inclusionlist      = 0000004E3BCFF2D8
[LOG] SystemI::createSoundInternal             : exinfo->inclusionlistnum   = 1
[LOG] SystemI::createSoundInternal             : exinfo->suggestedsoundtype = 5
[LOG] SystemI::createSoundInternal             : exinfo->useropen           = 00007FFDD180DA60
[LOG] SystemI::createSoundInternal             : exinfo->userclose          = 00007FFDD180DA20
[LOG] SystemI::createSoundInternal             : exinfo->userread           = 00007FFDD180DB40
[LOG] SystemI::createSoundInternal             : exinfo->userseek           = 00007FFDD180DC00
[LOG] SystemI::createSoundInternal             : exinfo->fileuserdata       = 0000024A74DD1A88
[LOG] SystemI::createSoundInternal             : exinfo->initialseekpostype = 1
[LOG] SystemI::DSPCodecPoolRegister            : register codec pool for pool type 4
[LOG] SystemI::createSoundInternal             : Sample 0/1: name='pasos g_7', format=5, channels=2, frequency=48000, lengthbytes=9536, lengthpcm=37888, pcmblocksize=0, loopstart=0, loopend=0, mode=0x00000000, channelmask=0x00000000, channelorder=0, peakvolume=0.095732.
[LOG] SystemI::createSoundInternal             : Create name='', mode=0x02000202
[LOG] SystemI::createSoundInternal             : exinfo->cbsize             = 224
[LOG] SystemI::createSoundInternal             : exinfo->length             = 1571936
[LOG] SystemI::createSoundInternal             : exinfo->fileoffset         = 32992
[LOG] SystemI::createSoundInternal             : exinfo->numsubsounds       = 1
[LOG] SystemI::createSoundInternal             : exinfo->inclusionlist      = 0000004E3BCFF2D8
[LOG] SystemI::createSoundInternal             : exinfo->inclusionlistnum   = 1
[LOG] SystemI::createSoundInternal             : exinfo->suggestedsoundtype = 5
[LOG] SystemI::createSoundInternal             : exinfo->useropen           = 00007FFDD180DA60
[LOG] SystemI::createSoundInternal             : exinfo->userclose          = 00007FFDD180DA20
[LOG] SystemI::createSoundInternal             : exinfo->userread           = 00007FFDD180DB40
[LOG] SystemI::createSoundInternal             : exinfo->userseek           = 00007FFDD180DC00
[LOG] SystemI::createSoundInternal             : exinfo->fileuserdata       = 0000024A74DD1A88
[LOG] SystemI::createSoundInternal             : exinfo->initialseekpostype = 1
[LOG] SystemI::DSPCodecPoolRegister            : register codec pool for pool type 4
[LOG] SystemI::createSoundInternal             : Sample 0/1: name='pasos g_10', format=5, channels=2, frequency=48000, lengthbytes=8768, lengthpcm=33792, pcmblocksize=0, loopstart=0, loopend=0, mode=0x00000000, channelmask=0x00000000, channelorder=0, peakvolume=0.099140.
[LOG] SystemI::createSoundInternal             : Create name='', mode=0x02000202
[LOG] SystemI::createSoundInternal             : exinfo->cbsize             = 224
[LOG] SystemI::createSoundInternal             : exinfo->length             = 1571936
[LOG] SystemI::createSoundInternal             : exinfo->fileoffset         = 32992
[LOG] SystemI::createSoundInternal             : exinfo->numsubsounds       = 1
[LOG] SystemI::createSoundInternal             : exinfo->inclusionlist      = 0000004E3BCFF2D8
[LOG] SystemI::createSoundInternal             : exinfo->inclusionlistnum   = 1
[LOG] SystemI::createSoundInternal             : exinfo->suggestedsoundtype = 5
[LOG] SystemI::createSoundInternal             : exinfo->useropen           = 00007FFDD180DA60
[LOG] SystemI::createSoundInternal             : exinfo->userclose          = 00007FFDD180DA20
[LOG] SystemI::createSoundInternal             : exinfo->userread           = 00007FFDD180DB40
[LOG] SystemI::createSoundInternal             : exinfo->userseek           = 00007FFDD180DC00
[LOG] SystemI::createSoundInternal             : exinfo->fileuserdata       = 0000024A74DD1A88
[LOG] SystemI::createSoundInternal             : exinfo->initialseekpostype = 1
[LOG] SystemI::DSPCodecPoolRegister            : register codec pool for pool type 4
[LOG] SystemI::createSoundInternal             : Sample 0/1: name='pasos g_12', format=5, channels=2, frequency=48000, lengthbytes=11328, lengthpcm=44032, pcmblocksize=0, loopstart=0, loopend=0, mode=0x00000000, channelmask=0x00000000, channelorder=0, peakvolume=0.126992.
[LOG] SystemI::createSoundInternal             : Create name='', mode=0x02000202
[LOG] SystemI::createSoundInternal             : exinfo->cbsize             = 224
[LOG] SystemI::createSoundInternal             : exinfo->length             = 1571936
[LOG] SystemI::createSoundInternal             : exinfo->fileoffset         = 32992
[LOG] SystemI::createSoundInternal             : exinfo->numsubsounds       = 1
[LOG] SystemI::createSoundInternal             : exinfo->inclusionlist      = 0000004E3BCFF2D8
[LOG] SystemI::createSoundInternal             : exinfo->inclusionlistnum   = 1
[LOG] SystemI::createSoundInternal             : exinfo->suggestedsoundtype = 5
[LOG] SystemI::createSoundInternal             : exinfo->useropen           = 00007FFDD180DA60
[LOG] SystemI::createSoundInternal             : exinfo->userclose          = 00007FFDD180DA20
[LOG] SystemI::createSoundInternal             : exinfo->userread           = 00007FFDD180DB40
[LOG] SystemI::createSoundInternal             : exinfo->userseek           = 00007FFDD180DC00
[LOG] SystemI::createSoundInternal             : exinfo->fileuserdata       = 0000024A74DD1A88
[LOG] SystemI::createSoundInternal             : exinfo->initialseekpostype = 1
[LOG] SystemI::DSPCodecPoolRegister            : register codec pool for pool type 4
[LOG] SystemI::createSoundInternal             : Sample 0/1: name='pasos g_1', format=5, channels=2, frequency=48000, lengthbytes=10272, lengthpcm=44032, pcmblocksize=0, loopstart=0, loopend=0, mode=0x00000000, channelmask=0x00000000, channelorder=0, peakvolume=0.146959.
[LOG] SystemI::createSoundInternal             : Create name='', mode=0x02000202
[LOG] SystemI::createSoundInternal             : exinfo->cbsize             = 224
[LOG] SystemI::createSoundInternal             : exinfo->length             = 1571936
[LOG] SystemI::createSoundInternal             : exinfo->fileoffset         = 32992
[LOG] SystemI::createSoundInternal             : exinfo->numsubsounds       = 1
[LOG] SystemI::createSoundInternal             : exinfo->inclusionlist      = 0000004E3BCFF2D8
[LOG] SystemI::createSoundInternal             : exinfo->inclusionlistnum   = 1
[LOG] SystemI::createSoundInternal             : exinfo->suggestedsoundtype = 5
[LOG] SystemI::createSoundInternal             : exinfo->useropen           = 00007FFDD180DA60
[LOG] SystemI::createSoundInternal             : exinfo->userclose          = 00007FFDD180DA20
[LOG] SystemI::createSoundInternal             : exinfo->userread           = 00007FFDD180DB40
[LOG] SystemI::createSoundInternal             : exinfo->userseek           = 00007FFDD180DC00
[LOG] SystemI::createSoundInternal             : exinfo->fileuserdata       = 0000024A74DD1A88
[LOG] SystemI::createSoundInternal             : exinfo->initialseekpostype = 1
[LOG] SystemI::DSPCodecPoolRegister            : register codec pool for pool type 4
[LOG] SystemI::createSoundInternal             : Sample 0/1: name='pasos g_9', format=5, channels=2, frequency=48000, lengthbytes=10048, lengthpcm=39936, pcmblocksize=0, loopstart=0, loopend=0, mode=0x00000000, channelmask=0x00000000, channelorder=0, peakvolume=0.070830.
[LOG] SystemI::createSoundInternal             : Create name='', mode=0x02000202
[LOG] SystemI::createSoundInternal             : exinfo->cbsize             = 224
[LOG] SystemI::createSoundInternal             : exinfo->length             = 1571936
[LOG] SystemI::createSoundInternal             : exinfo->fileoffset         = 32992
[LOG] SystemI::createSoundInternal             : exinfo->numsubsounds       = 1
[LOG] SystemI::createSoundInternal             : exinfo->inclusionlist      = 0000004E3BCFF2D8
[LOG] SystemI::createSoundInternal             : exinfo->inclusionlistnum   = 1
[LOG] SystemI::createSoundInternal             : exinfo->suggestedsoundtype = 5
[LOG] SystemI::createSoundInternal             : exinfo->useropen           = 00007FFDD180DA60
[LOG] SystemI::createSoundInternal             : exinfo->userclose          = 00007FFDD180DA20
[LOG] SystemI::createSoundInternal             : exinfo->userread           = 00007FFDD180DB40
[LOG] SystemI::createSoundInternal             : exinfo->userseek           = 00007FFDD180DC00
[LOG] SystemI::createSoundInternal             : exinfo->fileuserdata       = 0000024A74DD1A88
[LOG] SystemI::createSoundInternal             : exinfo->initialseekpostype = 1
[LOG] SystemI::DSPCodecPoolRegister            : register codec pool for pool type 4
[LOG] SystemI::createSoundInternal             : Sample 0/1: name='pasos g_3', format=5, channels=2, frequency=48000, lengthbytes=9120, lengthpcm=35840, pcmblocksize=0, loopstart=0, loopend=0, mode=0x00000000, channelmask=0x00000000, channelorder=0, peakvolume=0.090382.
[LOG] SoundI::release                          :  (00000249EF478AD8)
[LOG] SoundI::release                          :     quemar part_1 (00000249010EF5C8)
[LOG] SoundI::release                          :  (00000249EF478C38)
[LOG] SoundI::release                          :     quemar part_2 (00000249010EDF48)
[LOG] SoundI::release                          :  (00000249EF479738)
[LOG] SoundI::release                          :     quemar part_3 (00000249010EE248)
[LOG] SoundI::release                          :  (00000249EF479CB8)
[LOG] SoundI::release                          :     quemar part_4 (00000249010EE3C8)
[LOG] SoundI::release                          :  (0000024A61CCF378)
[LOG] SoundI::release                          :     abrir reja (00000246A3DFAA18)
[LOG] SoundI::release                          :  (00000249EF479F78)
[LOG] SoundI::release                          :     pasos g_1 (0000024A019CBC58)
[LOG] SoundI::release                          :  (00000249EF479E18)
[LOG] SoundI::release                          :     pasos g_10 (0000024A019CB7D8)
[LOG] SoundI::release                          :  (00000249EF477FD8)
[LOG] SoundI::release                          :     pasos g_11 (0000024A019CBF58)
[LOG] SoundI::release                          :  (00000249EF475D78)
[LOG] SoundI::release                          :     pasos g_12 (0000024A019CBAD8)
[LOG] SoundI::release                          :  (00000249EF477BB8)
[LOG] SoundI::release                          :     pasos g_2 (0000024A019CC0D8)
[LOG] SoundI::release                          :  (00000249EF47A0D8)
[LOG] SoundI::release                          :     pasos g_3 (0000024AB29B8298)
[LOG] SoundI::release                          :  (00000249EF478558)
[LOG] SoundI::release                          :     pasos g_4 (0000024A019CB958)
[LOG] SoundI::release                          :  (00000249EF4795D8)
[LOG] SoundI::release                          :     pasos g_5 (0000024A019CC3D8)
[LOG] SoundI::release                          :  (00000249EF479058)
[LOG] SoundI::release                          :     pasos g_6 (000002490F5A5A98)
[LOG] SoundI::release                          :  (00000249EF4791B8)
[LOG] SoundI::release                          :     pasos g_7 (0000024A019CB658)
[LOG] SoundI::release                          :  (00000249EF4757F8)
[LOG] SoundI::release                          :     pasos g_8 (0000024A019CC258)
[LOG] SoundI::release                          :  (00000249EF475ED8)
[LOG] SoundI::release                          :     pasos g_9 (0000024A019CBDD8)
